
    ../Research/covid-sim/src/Bitmap.cpp:129: [4] (buffer) sprintf: Does not check for buffer overflows (CWE-120). Use sprintf_s, snprintf, or vsnprintf.
    ../Research/covid-sim/src/Bitmap.cpp:135: [4] (buffer) sprintf: Does not check for buffer overflows (CWE-120). Use sprintf_s, snprintf, or vsnprintf.
    ../Research/covid-sim/src/Bitmap.cpp:141: [4] (buffer) sprintf: Does not check for buffer overflows (CWE-120). Use sprintf_s, snprintf, or vsnprintf.
    ../Research/covid-sim/src/Bitmap.cpp:147: [4] (buffer) sprintf: Does not check for buffer overflows (CWE-120). Use sprintf_s, snprintf, or vsnprintf.
    ../Research/covid-sim/src/Bitmap.cpp:156: [4] (buffer) sprintf: Does not check for buffer overflows (CWE-120). Use sprintf_s, snprintf, or vsnprintf.
    ../Research/covid-sim/src/Bitmap.cpp:164: [4] (buffer) sprintf: Does not check for buffer overflows (CWE-120). Use sprintf_s, snprintf, or vsnprintf.
    ../Research/covid-sim/src/Bitmap.cpp:194: [4] (buffer) sprintf: Does not check for buffer overflows (CWE-120). Use sprintf_s, snprintf, or vsnprintf.
    ../Research/covid-sim/src/Bitmap.cpp:203: [4] (buffer) sprintf: Does not check for buffer overflows (CWE-120). Use sprintf_s, snprintf, or vsnprintf.
    ../Research/covid-sim/src/Bitmap.cpp:308: [4] (buffer) sprintf: Does not check for buffer overflows (CWE-120). Use sprintf_s, snprintf, or vsnprintf.
    ../Research/covid-sim/src/CovidSim.cpp:159: [4] (buffer) sscanf: The scanf() family's %s operation, without a limit specification, permits buffer overflows (CWE-120, CWE-20). Specify a limit to %s, or use a different input function.
    ../Research/covid-sim/src/CovidSim.cpp:164: [4] (buffer) sscanf: The scanf() family's %s operation, without a limit specification, permits buffer overflows (CWE-120, CWE-20). Specify a limit to %s, or use a different input function.
    ../Research/covid-sim/src/CovidSim.cpp:168: [4] (buffer) sscanf: The scanf() family's %s operation, without a limit specification, permits buffer overflows (CWE-120, CWE-20). Specify a limit to %s, or use a different input function.
    ../Research/covid-sim/src/CovidSim.cpp:174: [4] (buffer) sscanf: The scanf() family's %s operation, without a limit specification, permits buffer overflows (CWE-120, CWE-20). Specify a limit to %s, or use a different input function.
    ../Research/covid-sim/src/CovidSim.cpp:180: [4] (buffer) sscanf: The scanf() family's %s operation, without a limit specification, permits buffer overflows (CWE-120, CWE-20). Specify a limit to %s, or use a different input function.
    ../Research/covid-sim/src/CovidSim.cpp:186: [4] (buffer) sscanf: The scanf() family's %s operation, without a limit specification, permits buffer overflows (CWE-120, CWE-20). Specify a limit to %s, or use a different input function.
    ../Research/covid-sim/src/CovidSim.cpp:227: [4] (buffer) sscanf: The scanf() family's %s operation, without a limit specification, permits buffer overflows (CWE-120, CWE-20). Specify a limit to %s, or use a different input function.
    ../Research/covid-sim/src/CovidSim.cpp:232: [4] (buffer) sscanf: The scanf() family's %s operation, without a limit specification, permits buffer overflows (CWE-120, CWE-20). Specify a limit to %s, or use a different input function.
    ../Research/covid-sim/src/CovidSim.cpp:245: [4] (buffer) sscanf: The scanf() family's %s operation, without a limit specification, permits buffer overflows (CWE-120, CWE-20). Specify a limit to %s, or use a different input function.
    ../Research/covid-sim/src/CovidSim.cpp:254: [4] (buffer) sscanf: The scanf() family's %s operation, without a limit specification, permits buffer overflows (CWE-120, CWE-20). Specify a limit to %s, or use a different input function.
    ../Research/covid-sim/src/CovidSim.cpp:258: [4] (buffer) sscanf: The scanf() family's %s operation, without a limit specification, permits buffer overflows (CWE-120, CWE-20). Specify a limit to %s, or use a different input function.
    ../Research/covid-sim/src/CovidSim.cpp:263: [4] (buffer) sscanf: The scanf() family's %s operation, without a limit specification, permits buffer overflows (CWE-120, CWE-20). Specify a limit to %s, or use a different input function.
    ../Research/covid-sim/src/CovidSim.cpp:268: [4] (buffer) sscanf: The scanf() family's %s operation, without a limit specification, permits buffer overflows (CWE-120, CWE-20). Specify a limit to %s, or use a different input function.
    ../Research/covid-sim/src/CovidSim.cpp:273: [4] (buffer) sscanf: The scanf() family's %s operation, without a limit specification, permits buffer overflows (CWE-120, CWE-20). Specify a limit to %s, or use a different input function.
    ../Research/covid-sim/src/CovidSim.cpp:282: [4] (buffer) sscanf: The scanf() family's %s operation, without a limit specification, permits buffer overflows (CWE-120, CWE-20). Specify a limit to %s, or use a different input function.
    ../Research/covid-sim/src/CovidSim.cpp:287: [4] (buffer) sscanf: The scanf() family's %s operation, without a limit specification, permits buffer overflows (CWE-120, CWE-20). Specify a limit to %s, or use a different input function.
    ../Research/covid-sim/src/CovidSim.cpp:313: [4] (buffer) sprintf: Does not check for buffer overflows (CWE-120). Use sprintf_s, snprintf, or vsnprintf.
    ../Research/covid-sim/src/CovidSim.cpp:344: [4] (buffer) sprintf: Does not check for buffer overflows (CWE-120). Use sprintf_s, snprintf, or vsnprintf.
    ../Research/covid-sim/src/CovidSim.cpp:386: [4] (buffer) sprintf: Does not check for buffer overflows (CWE-120). Use sprintf_s, snprintf, or vsnprintf.
    ../Research/covid-sim/src/CovidSim.cpp:432: [4] (buffer) sprintf: Does not check for buffer overflows (CWE-120). Use sprintf_s, snprintf, or vsnprintf.
    ../Research/covid-sim/src/CovidSim.cpp:447: [4] (buffer) sprintf: Does not check for buffer overflows (CWE-120). Use sprintf_s, snprintf, or vsnprintf.
    ../Research/covid-sim/src/CovidSim.cpp:451: [4] (buffer) sprintf: Does not check for buffer overflows (CWE-120). Use sprintf_s, snprintf, or vsnprintf.
    ../Research/covid-sim/src/CovidSim.cpp:581: [4] (buffer) strcpy: Does not check for buffer overflows when copying to destination [MS-banned] (CWE-120). Consider using snprintf, strcpy_s, or strlcpy (warning: strncpy easily misused).
    ../Research/covid-sim/src/CovidSim.cpp:582: [4] (buffer) strcpy: Does not check for buffer overflows when copying to destination [MS-banned] (CWE-120). Consider using snprintf, strcpy_s, or strlcpy (warning: strncpy easily misused).
    ../Research/covid-sim/src/CovidSim.cpp:610: [4] (buffer) strcpy: Does not check for buffer overflows when copying to destination [MS-banned] (CWE-120). Consider using snprintf, strcpy_s, or strlcpy (warning: strncpy easily misused).
    ../Research/covid-sim/src/CovidSim.cpp:611: [4] (buffer) strcpy: Does not check for buffer overflows when copying to destination [MS-banned] (CWE-120). Consider using snprintf, strcpy_s, or strlcpy (warning: strncpy easily misused).
    ../Research/covid-sim/src/CovidSim.cpp:2188: [4] (buffer) sscanf: The scanf() family's %s operation, without a limit specification, permits buffer overflows (CWE-120, CWE-20). Specify a limit to %s, or use a different input function.
    ../Research/covid-sim/src/CovidSim.cpp:2242: [4] (buffer) sscanf: The scanf() family's %s operation, without a limit specification, permits buffer overflows (CWE-120, CWE-20). Specify a limit to %s, or use a different input function.
    ../Research/covid-sim/src/CovidSim.cpp:2281: [4] (buffer) sprintf: Does not check for buffer overflows (CWE-120). Use sprintf_s, snprintf, or vsnprintf.
    ../Research/covid-sim/src/CovidSim.cpp:2297: [4] (buffer) strcpy: Does not check for buffer overflows when copying to destination [MS-banned] (CWE-120). Consider using snprintf, strcpy_s, or strlcpy (warning: strncpy easily misused).
    ../Research/covid-sim/src/CovidSim.cpp:2302: [4] (buffer) sprintf: Does not check for buffer overflows (CWE-120). Use sprintf_s, snprintf, or vsnprintf.
    ../Research/covid-sim/src/CovidSim.cpp:2449: [4] (buffer) sprintf: Does not check for buffer overflows (CWE-120). Use sprintf_s, snprintf, or vsnprintf.
    ../Research/covid-sim/src/CovidSim.cpp:3146: [4] (buffer) sprintf: Does not check for buffer overflows (CWE-120). Use sprintf_s, snprintf, or vsnprintf.
    ../Research/covid-sim/src/CovidSim.cpp:3162: [4] (buffer) sprintf: Does not check for buffer overflows (CWE-120). Use sprintf_s, snprintf, or vsnprintf.
    ../Research/covid-sim/src/CovidSim.cpp:3194: [4] (buffer) sprintf: Does not check for buffer overflows (CWE-120). Use sprintf_s, snprintf, or vsnprintf.
    ../Research/covid-sim/src/CovidSim.cpp:3219: [4] (buffer) sprintf: Does not check for buffer overflows (CWE-120). Use sprintf_s, snprintf, or vsnprintf.
    ../Research/covid-sim/src/CovidSim.cpp:3235: [4] (buffer) sprintf: Does not check for buffer overflows (CWE-120). Use sprintf_s, snprintf, or vsnprintf.
    ../Research/covid-sim/src/CovidSim.cpp:3259: [4] (buffer) sprintf: Does not check for buffer overflows (CWE-120). Use sprintf_s, snprintf, or vsnprintf.
    ../Research/covid-sim/src/CovidSim.cpp:3291: [4] (buffer) sprintf: Does not check for buffer overflows (CWE-120). Use sprintf_s, snprintf, or vsnprintf.
    ../Research/covid-sim/src/CovidSim.cpp:3304: [4] (buffer) sprintf: Does not check for buffer overflows (CWE-120). Use sprintf_s, snprintf, or vsnprintf.
    ../Research/covid-sim/src/CovidSim.cpp:3327: [4] (buffer) sprintf: Does not check for buffer overflows (CWE-120). Use sprintf_s, snprintf, or vsnprintf.
    ../Research/covid-sim/src/CovidSim.cpp:3348: [4] (buffer) sprintf: Does not check for buffer overflows (CWE-120). Use sprintf_s, snprintf, or vsnprintf.
    ../Research/covid-sim/src/CovidSim.cpp:3381: [4] (buffer) sprintf: Does not check for buffer overflows (CWE-120). Use sprintf_s, snprintf, or vsnprintf.
    ../Research/covid-sim/src/CovidSim.cpp:3395: [4] (buffer) sprintf: Does not check for buffer overflows (CWE-120). Use sprintf_s, snprintf, or vsnprintf.
    ../Research/covid-sim/src/CovidSim.cpp:3413: [4] (buffer) sprintf: Does not check for buffer overflows (CWE-120). Use sprintf_s, snprintf, or vsnprintf.
    ../Research/covid-sim/src/CovidSim.cpp:3503: [4] (buffer) sprintf: Does not check for buffer overflows (CWE-120). Use sprintf_s, snprintf, or vsnprintf.
    ../Research/covid-sim/src/CovidSim.cpp:3537: [4] (buffer) sprintf: Does not check for buffer overflows (CWE-120). Use sprintf_s, snprintf, or vsnprintf.
    ../Research/covid-sim/src/CovidSim.cpp:3571: [4] (buffer) sprintf: Does not check for buffer overflows (CWE-120). Use sprintf_s, snprintf, or vsnprintf.
    ../Research/covid-sim/src/CovidSim.cpp:3601: [4] (buffer) sprintf: Does not check for buffer overflows (CWE-120). Use sprintf_s, snprintf, or vsnprintf.
    ../Research/covid-sim/src/CovidSim.cpp:3628: [4] (buffer) sprintf: Does not check for buffer overflows (CWE-120). Use sprintf_s, snprintf, or vsnprintf.
    ../Research/covid-sim/src/CovidSim.cpp:3655: [4] (buffer) sprintf: Does not check for buffer overflows (CWE-120). Use sprintf_s, snprintf, or vsnprintf.
    ../Research/covid-sim/src/CovidSim.cpp:3688: [4] (buffer) sprintf: Does not check for buffer overflows (CWE-120). Use sprintf_s, snprintf, or vsnprintf.
    ../Research/covid-sim/src/CovidSim.cpp:3720: [4] (buffer) sprintf: Does not check for buffer overflows (CWE-120). Use sprintf_s, snprintf, or vsnprintf.
    ../Research/covid-sim/src/CovidSim.cpp:3740: [4] (buffer) sprintf: Does not check for buffer overflows (CWE-120). Use sprintf_s, snprintf, or vsnprintf.
    ../Research/covid-sim/src/CovidSim.cpp:3754: [4] (buffer) sprintf: Does not check for buffer overflows (CWE-120). Use sprintf_s, snprintf, or vsnprintf.
    ../Research/covid-sim/src/CovidSim.cpp:3796: [4] (buffer) sprintf: Does not check for buffer overflows (CWE-120). Use sprintf_s, snprintf, or vsnprintf.
    ../Research/covid-sim/src/CovidSim.cpp:3806: [4] (buffer) sprintf: Does not check for buffer overflows (CWE-120). Use sprintf_s, snprintf, or vsnprintf.
    ../Research/covid-sim/src/CovidSim.cpp:3860: [4] (buffer) sprintf: Does not check for buffer overflows (CWE-120). Use sprintf_s, snprintf, or vsnprintf.
    ../Research/covid-sim/src/CovidSim.cpp:3983: [4] (buffer) sprintf: Does not check for buffer overflows (CWE-120). Use sprintf_s, snprintf, or vsnprintf.
    ../Research/covid-sim/src/CovidSim.cpp:4003: [4] (buffer) sprintf: Does not check for buffer overflows (CWE-120). Use sprintf_s, snprintf, or vsnprintf.
    ../Research/covid-sim/src/CovidSim.cpp:5256: [4] (buffer) fscanf: The scanf() family's %s operation, without a limit specification, permits buffer overflows (CWE-120, CWE-20). Specify a limit to %s, or use a different input function.
    ../Research/covid-sim/src/CovidSim.cpp:5278: [4] (buffer) sprintf: Does not check for buffer overflows (CWE-120). Use sprintf_s, snprintf, or vsnprintf.
    ../Research/covid-sim/src/CovidSim.cpp:5286: [4] (buffer) strcpy: Does not check for buffer overflows when copying to destination [MS-banned] (CWE-120). Consider using snprintf, strcpy_s, or strlcpy (warning: strncpy easily misused).
    ../Research/covid-sim/src/CovidSim.cpp:5292: [4] (buffer) strcat: Does not check for buffer overflows when concatenating to destination [MS-banned] (CWE-120). Consider using strcat_s, strncat, strlcat, or snprintf (warning: strncat is easily misused).
    ../Research/covid-sim/src/CovidSim.cpp:5313: [4] (buffer) fscanf: The scanf() family's %s operation, without a limit specification, permits buffer overflows (CWE-120, CWE-20). Specify a limit to %s, or use a different input function.
    ../Research/covid-sim/src/CovidSim.cpp:5322: [4] (buffer) sscanf: The scanf() family's %s operation, without a limit specification, permits buffer overflows (CWE-120, CWE-20). Specify a limit to %s, or use a different input function.
    ../Research/covid-sim/src/CovidSim.cpp:5332: [4] (buffer) sscanf: The scanf() family's %s operation, without a limit specification, permits buffer overflows (CWE-120, CWE-20). Specify a limit to %s, or use a different input function.
    ../Research/covid-sim/src/CovidSim.cpp:5342: [4] (buffer) sscanf: The scanf() family's %s operation, without a limit specification, permits buffer overflows (CWE-120, CWE-20). Specify a limit to %s, or use a different input function.
    ../Research/covid-sim/src/CovidSim.cpp:5352: [4] (buffer) sscanf: The scanf() family's %s operation, without a limit specification, permits buffer overflows (CWE-120, CWE-20). Specify a limit to %s, or use a different input function.
    ../Research/covid-sim/src/CovidSim.cpp:5362: [4] (buffer) sscanf: The scanf() family's %s operation, without a limit specification, permits buffer overflows (CWE-120, CWE-20). Specify a limit to %s, or use a different input function.
    ../Research/covid-sim/src/CovidSim.cpp:5372: [4] (buffer) sscanf: The scanf() family's %s operation, without a limit specification, permits buffer overflows (CWE-120, CWE-20). Specify a limit to %s, or use a different input function.
    ../Research/covid-sim/src/CovidSim.cpp:5382: [4] (buffer) sscanf: The scanf() family's %s operation, without a limit specification, permits buffer overflows (CWE-120, CWE-20). Specify a limit to %s, or use a different input function.
    ../Research/covid-sim/src/CovidSim.cpp:5389: [4] (buffer) fscanf: The scanf() family's %s operation, without a limit specification, permits buffer overflows (CWE-120, CWE-20). Specify a limit to %s, or use a different input function.
    ../Research/covid-sim/src/CovidSim.cpp:5398: [4] (buffer) sscanf: The scanf() family's %s operation, without a limit specification, permits buffer overflows (CWE-120, CWE-20). Specify a limit to %s, or use a different input function.
    ../Research/covid-sim/src/CovidSim.cpp:5411: [4] (buffer) fscanf: The scanf() family's %s operation, without a limit specification, permits buffer overflows (CWE-120, CWE-20). Specify a limit to %s, or use a different input function.
    ../Research/covid-sim/src/Error.cpp:11: [4] (format) vfprintf: If format strings can be influenced by an attacker, they can be exploited (CWE-134). Use a constant for the format specification.
    ../Research/covid-sim/src/Error.h:12: [4] (format) printf: If format strings can be influenced by an attacker, they can be exploited (CWE-134). Use a constant for the format specification.
    ../Research/covid-sim/src/SetupModel.cpp:2531: [4] (buffer) sprintf: Does not check for buffer overflows (CWE-120). Use sprintf_s, snprintf, or vsnprintf.
    ../Research/covid-sim/src/Bitmap.cpp:30: [2] (buffer) char: Statically-sized arrays can be improperly restricted, leading to potential overflows or other issues (CWE-119!/CWE-120). Perform bounds checking, use functions that limit length, or ensure that the size is larger than the maximum possible length.
    ../Research/covid-sim/src/Bitmap.cpp:112: [2] (buffer) char: Statically-sized arrays can be improperly restricted, leading to potential overflows or other issues (CWE-119!/CWE-120). Perform bounds checking, use functions that limit length, or ensure that the size is larger than the maximum possible length.
    ../Research/covid-sim/src/Bitmap.cpp:157: [2] (misc) fopen: Check when opening files - can an attacker redirect it (via symlinks), force the opening of special file type (e.g., device files), move things around to create a race condition, control its ancestors, or change its contents? (CWE-362).
    ../Research/covid-sim/src/Bitmap.cpp:172: [2] (buffer) wchar_t: Statically-sized arrays can be improperly restricted, leading to potential overflows or other issues (CWE-119!/CWE-120). Perform bounds checking, use functions that limit length, or ensure that the size is larger than the maximum possible length.
    ../Research/covid-sim/src/Bitmap.cpp:205: [2] (misc) fopen: Check when opening files - can an attacker redirect it (via symlinks), force the opening of special file type (e.g., device files), move things around to create a race condition, control its ancestors, or change its contents? (CWE-362).
    ../Research/covid-sim/src/Bitmap.cpp:307: [2] (buffer) char: Statically-sized arrays can be improperly restricted, leading to potential overflows or other issues (CWE-119!/CWE-120). Perform bounds checking, use functions that limit length, or ensure that the size is larger than the maximum possible length.
    ../Research/covid-sim/src/Bitmap.h:37: [2] (buffer) char: Statically-sized arrays can be improperly restricted, leading to potential overflows or other issues (CWE-119!/CWE-120). Perform bounds checking, use functions that limit length, or ensure that the size is larger than the maximum possible length.
    ../Research/covid-sim/src/CovidSim.cpp:105: [2] (buffer) char: Statically-sized arrays can be improperly restricted, leading to potential overflows or other issues (CWE-119!/CWE-120). Perform bounds checking, use functions that limit length, or ensure that the size is larger than the maximum possible length.
    ../Research/covid-sim/src/CovidSim.cpp:116: [2] (buffer) char: Statically-sized arrays can be improperly restricted, leading to potential overflows or other issues (CWE-119!/CWE-120). Perform bounds checking, use functions that limit length, or ensure that the size is larger than the maximum possible length.
    ../Research/covid-sim/src/CovidSim.cpp:467: [2] (buffer) char: Statically-sized arrays can be improperly restricted, leading to potential overflows or other issues (CWE-119!/CWE-120). Perform bounds checking, use functions that limit length, or ensure that the size is larger than the maximum possible length.
    ../Research/covid-sim/src/CovidSim.cpp:473: [2] (misc) fopen: Check when opening files - can an attacker redirect it (via symlinks), force the opening of special file type (e.g., device files), move things around to create a race condition, control its ancestors, or change its contents? (CWE-362).
    ../Research/covid-sim/src/CovidSim.cpp:474: [2] (misc) fopen: Check when opening files - can an attacker redirect it (via symlinks), force the opening of special file type (e.g., device files), move things around to create a race condition, control its ancestors, or change its contents? (CWE-362).
    ../Research/covid-sim/src/CovidSim.cpp:475: [2] (misc) fopen: Check when opening files - can an attacker redirect it (via symlinks), force the opening of special file type (e.g., device files), move things around to create a race condition, control its ancestors, or change its contents? (CWE-362).
    ../Research/covid-sim/src/CovidSim.cpp:577: [2] (integer) atoi: Unless checked, the resulting number can exceed the expected range (CWE-190). If source untrusted, check both minimum and maximum, even if the input had no minus sign (large numbers can roll over into negative number; consider saving to an unsigned value if that is intended).
    ../Research/covid-sim/src/CovidSim.cpp:579: [2] (integer) atoi: Unless checked, the resulting number can exceed the expected range (CWE-190). If source untrusted, check both minimum and maximum, even if the input had no minus sign (large numbers can roll over into negative number; consider saving to an unsigned value if that is intended).
    ../Research/covid-sim/src/CovidSim.cpp:602: [2] (integer) atoi: Unless checked, the resulting number can exceed the expected range (CWE-190). If source untrusted, check both minimum and maximum, even if the input had no minus sign (large numbers can roll over into negative number; consider saving to an unsigned value if that is intended).
    ../Research/covid-sim/src/CovidSim.cpp:604: [2] (integer) atoi: Unless checked, the resulting number can exceed the expected range (CWE-190). If source untrusted, check both minimum and maximum, even if the input had no minus sign (large numbers can roll over into negative number; consider saving to an unsigned value if that is intended).
    ../Research/covid-sim/src/CovidSim.cpp:608: [2] (integer) atoi: Unless checked, the resulting number can exceed the expected range (CWE-190). If source untrusted, check both minimum and maximum, even if the input had no minus sign (large numbers can roll over into negative number; consider saving to an unsigned value if that is intended).
    ../Research/covid-sim/src/CovidSim.cpp:944: [2] (integer) atoi: Unless checked, the resulting number can exceed the expected range (CWE-190). If source untrusted, check both minimum and maximum, even if the input had no minus sign (large numbers can roll over into negative number; consider saving to an unsigned value if that is intended).
    ../Research/covid-sim/src/CovidSim.cpp:2071: [2] (buffer) char: Statically-sized arrays can be improperly restricted, leading to potential overflows or other issues (CWE-119!/CWE-120). Perform bounds checking, use functions that limit length, or ensure that the size is larger than the maximum possible length.
    ../Research/covid-sim/src/CovidSim.cpp:2075: [2] (misc) fopen: Check when opening files - can an attacker redirect it (via symlinks), force the opening of special file type (e.g., device files), move things around to create a race condition, control its ancestors, or change its contents? (CWE-362).
    ../Research/covid-sim/src/CovidSim.cpp:2189: [2] (integer) atoi: Unless checked, the resulting number can exceed the expected range (CWE-190). If source untrusted, check both minimum and maximum, even if the input had no minus sign (large numbers can roll over into negative number; consider saving to an unsigned value if that is intended).
    ../Research/covid-sim/src/CovidSim.cpp:2243: [2] (integer) atoi: Unless checked, the resulting number can exceed the expected range (CWE-190). If source untrusted, check both minimum and maximum, even if the input had no minus sign (large numbers can roll over into negative number; consider saving to an unsigned value if that is intended).
    ../Research/covid-sim/src/CovidSim.cpp:2278: [2] (buffer) char: Statically-sized arrays can be improperly restricted, leading to potential overflows or other issues (CWE-119!/CWE-120). Perform bounds checking, use functions that limit length, or ensure that the size is larger than the maximum possible length.
    ../Research/covid-sim/src/CovidSim.cpp:2315: [2] (buffer) char: Statically-sized arrays can be improperly restricted, leading to potential overflows or other issues (CWE-119!/CWE-120). Perform bounds checking, use functions that limit length, or ensure that the size is larger than the maximum possible length.
    ../Research/covid-sim/src/CovidSim.cpp:2319: [2] (misc) fopen: Check when opening files - can an attacker redirect it (via symlinks), force the opening of special file type (e.g., device files), move things around to create a race condition, control its ancestors, or change its contents? (CWE-362).
    ../Research/covid-sim/src/CovidSim.cpp:2450: [2] (misc) fopen: Check when opening files - can an attacker redirect it (via symlinks), force the opening of special file type (e.g., device files), move things around to create a race condition, control its ancestors, or change its contents? (CWE-362).
    ../Research/covid-sim/src/CovidSim.cpp:3102: [2] (buffer) char: Statically-sized arrays can be improperly restricted, leading to potential overflows or other issues (CWE-119!/CWE-120). Perform bounds checking, use functions that limit length, or ensure that the size is larger than the maximum possible length.
    ../Research/covid-sim/src/CovidSim.cpp:3147: [2] (misc) fopen: Check when opening files - can an attacker redirect it (via symlinks), force the opening of special file type (e.g., device files), move things around to create a race condition, control its ancestors, or change its contents? (CWE-362).
    ../Research/covid-sim/src/CovidSim.cpp:3163: [2] (misc) fopen: Check when opening files - can an attacker redirect it (via symlinks), force the opening of special file type (e.g., device files), move things around to create a race condition, control its ancestors, or change its contents? (CWE-362).
    ../Research/covid-sim/src/CovidSim.cpp:3192: [2] (buffer) char: Statically-sized arrays can be improperly restricted, leading to potential overflows or other issues (CWE-119!/CWE-120). Perform bounds checking, use functions that limit length, or ensure that the size is larger than the maximum possible length.
    ../Research/covid-sim/src/CovidSim.cpp:3195: [2] (misc) fopen: Check when opening files - can an attacker redirect it (via symlinks), force the opening of special file type (e.g., device files), move things around to create a race condition, control its ancestors, or change its contents? (CWE-362).
    ../Research/covid-sim/src/CovidSim.cpp:3215: [2] (buffer) char: Statically-sized arrays can be improperly restricted, leading to potential overflows or other issues (CWE-119!/CWE-120). Perform bounds checking, use functions that limit length, or ensure that the size is larger than the maximum possible length.
    ../Research/covid-sim/src/CovidSim.cpp:3220: [2] (misc) fopen: Check when opening files - can an attacker redirect it (via symlinks), force the opening of special file type (e.g., device files), move things around to create a race condition, control its ancestors, or change its contents? (CWE-362).
    ../Research/covid-sim/src/CovidSim.cpp:3236: [2] (misc) fopen: Check when opening files - can an attacker redirect it (via symlinks), force the opening of special file type (e.g., device files), move things around to create a race condition, control its ancestors, or change its contents? (CWE-362).
    ../Research/covid-sim/src/CovidSim.cpp:3260: [2] (misc) fopen: Check when opening files - can an attacker redirect it (via symlinks), force the opening of special file type (e.g., device files), move things around to create a race condition, control its ancestors, or change its contents? (CWE-362).
    ../Research/covid-sim/src/CovidSim.cpp:3292: [2] (misc) fopen: Check when opening files - can an attacker redirect it (via symlinks), force the opening of special file type (e.g., device files), move things around to create a race condition, control its ancestors, or change its contents? (CWE-362).
    ../Research/covid-sim/src/CovidSim.cpp:3305: [2] (misc) fopen: Check when opening files - can an attacker redirect it (via symlinks), force the opening of special file type (e.g., device files), move things around to create a race condition, control its ancestors, or change its contents? (CWE-362).
    ../Research/covid-sim/src/CovidSim.cpp:3328: [2] (misc) fopen: Check when opening files - can an attacker redirect it (via symlinks), force the opening of special file type (e.g., device files), move things around to create a race condition, control its ancestors, or change its contents? (CWE-362).
    ../Research/covid-sim/src/CovidSim.cpp:3349: [2] (misc) fopen: Check when opening files - can an attacker redirect it (via symlinks), force the opening of special file type (e.g., device files), move things around to create a race condition, control its ancestors, or change its contents? (CWE-362).
    ../Research/covid-sim/src/CovidSim.cpp:3396: [2] (misc) fopen: Check when opening files - can an attacker redirect it (via symlinks), force the opening of special file type (e.g., device files), move things around to create a race condition, control its ancestors, or change its contents? (CWE-362).
    ../Research/covid-sim/src/CovidSim.cpp:3414: [2] (misc) fopen: Check when opening files - can an attacker redirect it (via symlinks), force the opening of special file type (e.g., device files), move things around to create a race condition, control its ancestors, or change its contents? (CWE-362).
    ../Research/covid-sim/src/CovidSim.cpp:3497: [2] (buffer) char: Statically-sized arrays can be improperly restricted, leading to potential overflows or other issues (CWE-119!/CWE-120). Perform bounds checking, use functions that limit length, or ensure that the size is larger than the maximum possible length.
    ../Research/covid-sim/src/CovidSim.cpp:3504: [2] (misc) fopen: Check when opening files - can an attacker redirect it (via symlinks), force the opening of special file type (e.g., device files), move things around to create a race condition, control its ancestors, or change its contents? (CWE-362).
    ../Research/covid-sim/src/CovidSim.cpp:3538: [2] (misc) fopen: Check when opening files - can an attacker redirect it (via symlinks), force the opening of special file type (e.g., device files), move things around to create a race condition, control its ancestors, or change its contents? (CWE-362).
    ../Research/covid-sim/src/CovidSim.cpp:3572: [2] (misc) fopen: Check when opening files - can an attacker redirect it (via symlinks), force the opening of special file type (e.g., device files), move things around to create a race condition, control its ancestors, or change its contents? (CWE-362).
    ../Research/covid-sim/src/CovidSim.cpp:3602: [2] (misc) fopen: Check when opening files - can an attacker redirect it (via symlinks), force the opening of special file type (e.g., device files), move things around to create a race condition, control its ancestors, or change its contents? (CWE-362).
    ../Research/covid-sim/src/CovidSim.cpp:3629: [2] (misc) fopen: Check when opening files - can an attacker redirect it (via symlinks), force the opening of special file type (e.g., device files), move things around to create a race condition, control its ancestors, or change its contents? (CWE-362).
    ../Research/covid-sim/src/CovidSim.cpp:3656: [2] (misc) fopen: Check when opening files - can an attacker redirect it (via symlinks), force the opening of special file type (e.g., device files), move things around to create a race condition, control its ancestors, or change its contents? (CWE-362).
    ../Research/covid-sim/src/CovidSim.cpp:3689: [2] (misc) fopen: Check when opening files - can an attacker redirect it (via symlinks), force the opening of special file type (e.g., device files), move things around to create a race condition, control its ancestors, or change its contents? (CWE-362).
    ../Research/covid-sim/src/CovidSim.cpp:3721: [2] (misc) fopen: Check when opening files - can an attacker redirect it (via symlinks), force the opening of special file type (e.g., device files), move things around to create a race condition, control its ancestors, or change its contents? (CWE-362).
    ../Research/covid-sim/src/CovidSim.cpp:3741: [2] (misc) fopen: Check when opening files - can an attacker redirect it (via symlinks), force the opening of special file type (e.g., device files), move things around to create a race condition, control its ancestors, or change its contents? (CWE-362).
    ../Research/covid-sim/src/CovidSim.cpp:3769: [2] (misc) fopen: Check when opening files - can an attacker redirect it (via symlinks), force the opening of special file type (e.g., device files), move things around to create a race condition, control its ancestors, or change its contents? (CWE-362).
    ../Research/covid-sim/src/CovidSim.cpp:3797: [2] (misc) fopen: Check when opening files - can an attacker redirect it (via symlinks), force the opening of special file type (e.g., device files), move things around to create a race condition, control its ancestors, or change its contents? (CWE-362).
    ../Research/covid-sim/src/CovidSim.cpp:3808: [2] (misc) fopen: Check when opening files - can an attacker redirect it (via symlinks), force the opening of special file type (e.g., device files), move things around to create a race condition, control its ancestors, or change its contents? (CWE-362).
    ../Research/covid-sim/src/CovidSim.cpp:3861: [2] (misc) fopen: Check when opening files - can an attacker redirect it (via symlinks), force the opening of special file type (e.g., device files), move things around to create a race condition, control its ancestors, or change its contents? (CWE-362).
    ../Research/covid-sim/src/CovidSim.cpp:3981: [2] (buffer) char: Statically-sized arrays can be improperly restricted, leading to potential overflows or other issues (CWE-119!/CWE-120). Perform bounds checking, use functions that limit length, or ensure that the size is larger than the maximum possible length.
    ../Research/covid-sim/src/CovidSim.cpp:3984: [2] (misc) fopen: Check when opening files - can an attacker redirect it (via symlinks), force the opening of special file type (e.g., device files), move things around to create a race condition, control its ancestors, or change its contents? (CWE-362).
    ../Research/covid-sim/src/CovidSim.cpp:4001: [2] (buffer) char: Statically-sized arrays can be improperly restricted, leading to potential overflows or other issues (CWE-119!/CWE-120). Perform bounds checking, use functions that limit length, or ensure that the size is larger than the maximum possible length.
    ../Research/covid-sim/src/CovidSim.cpp:4004: [2] (misc) fopen: Check when opening files - can an attacker redirect it (via symlinks), force the opening of special file type (e.g., device files), move things around to create a race condition, control its ancestors, or change its contents? (CWE-362).
    ../Research/covid-sim/src/CovidSim.cpp:4024: [2] (misc) fopen: Check when opening files - can an attacker redirect it (via symlinks), force the opening of special file type (e.g., device files), move things around to create a race condition, control its ancestors, or change its contents? (CWE-362).
    ../Research/covid-sim/src/CovidSim.cpp:4104: [2] (misc) fopen: Check when opening files - can an attacker redirect it (via symlinks), force the opening of special file type (e.g., device files), move things around to create a race condition, control its ancestors, or change its contents? (CWE-362).
    ../Research/covid-sim/src/CovidSim.cpp:5273: [2] (buffer) char: Statically-sized arrays can be improperly restricted, leading to potential overflows or other issues (CWE-119!/CWE-120). Perform bounds checking, use functions that limit length, or ensure that the size is larger than the maximum possible length.
    ../Research/covid-sim/src/Model.h:319: [2] (buffer) char: Statically-sized arrays can be improperly restricted, leading to potential overflows or other issues (CWE-119!/CWE-120). Perform bounds checking, use functions that limit length, or ensure that the size is larger than the maximum possible length.
    ../Research/covid-sim/src/SetupModel.cpp:31: [2] (buffer) char: Statically-sized arrays can be improperly restricted, leading to potential overflows or other issues (CWE-119!/CWE-120). Perform bounds checking, use functions that limit length, or ensure that the size is larger than the maximum possible length.
    ../Research/covid-sim/src/SetupModel.cpp:44: [2] (misc) fopen: Check when opening files - can an attacker redirect it (via symlinks), force the opening of special file type (e.g., device files), move things around to create a race condition, control its ancestors, or change its contents? (CWE-362).
    ../Research/covid-sim/src/SetupModel.cpp:680: [2] (buffer) char: Statically-sized arrays can be improperly restricted, leading to potential overflows or other issues (CWE-119!/CWE-120). Perform bounds checking, use functions that limit length, or ensure that the size is larger than the maximum possible length.
    ../Research/covid-sim/src/SetupModel.cpp:811: [2] (misc) fopen: Check when opening files - can an attacker redirect it (via symlinks), force the opening of special file type (e.g., device files), move things around to create a race condition, control its ancestors, or change its contents? (CWE-362).
    ../Research/covid-sim/src/SetupModel.cpp:853: [2] (misc) fopen: Check when opening files - can an attacker redirect it (via symlinks), force the opening of special file type (e.g., device files), move things around to create a race condition, control its ancestors, or change its contents? (CWE-362).
    ../Research/covid-sim/src/SetupModel.cpp:1290: [2] (misc) fopen: Check when opening files - can an attacker redirect it (via symlinks), force the opening of special file type (e.g., device files), move things around to create a race condition, control its ancestors, or change its contents? (CWE-362).
    ../Research/covid-sim/src/SetupModel.cpp:2442: [2] (misc) fopen: Check when opening files - can an attacker redirect it (via symlinks), force the opening of special file type (e.g., device files), move things around to create a race condition, control its ancestors, or change its contents? (CWE-362).
    ../Research/covid-sim/src/SetupModel.cpp:2497: [2] (misc) fopen: Check when opening files - can an attacker redirect it (via symlinks), force the opening of special file type (e.g., device files), move things around to create a race condition, control its ancestors, or change its contents? (CWE-362).
    ../Research/covid-sim/src/SetupModel.cpp:2529: [2] (buffer) char: Statically-sized arrays can be improperly restricted, leading to potential overflows or other issues (CWE-119!/CWE-120). Perform bounds checking, use functions that limit length, or ensure that the size is larger than the maximum possible length.
    ../Research/covid-sim/src/SetupModel.cpp:2532: [2] (misc) fopen: Check when opening files - can an attacker redirect it (via symlinks), force the opening of special file type (e.g., device files), move things around to create a race condition, control its ancestors, or change its contents? (CWE-362).
    ../Research/covid-sim/src/SetupModel.h:24: [2] (buffer) char: Statically-sized arrays can be improperly restricted, leading to potential overflows or other issues (CWE-119!/CWE-120). Perform bounds checking, use functions that limit length, or ensure that the size is larger than the maximum possible length.
    ../Research/covid-sim/src/Bitmap.cpp:195: [1] (buffer) strlen: Does not handle strings that are not \0-terminated; if given one it may perform an over-read (it could cause a crash if unprotected) (CWE-126).
    ../Research/covid-sim/src/CovidSim.cpp:581: [1] (buffer) strlen: Does not handle strings that are not \0-terminated; if given one it may perform an over-read (it could cause a crash if unprotected) (CWE-126).
    ../Research/covid-sim/src/CovidSim.cpp:582: [1] (buffer) strlen: Does not handle strings that are not \0-terminated; if given one it may perform an over-read (it could cause a crash if unprotected) (CWE-126).
    ../Research/covid-sim/src/CovidSim.cpp:610: [1] (buffer) strlen: Does not handle strings that are not \0-terminated; if given one it may perform an over-read (it could cause a crash if unprotected) (CWE-126).
    ../Research/covid-sim/src/CovidSim.cpp:611: [1] (buffer) strlen: Does not handle strings that are not \0-terminated; if given one it may perform an over-read (it could cause a crash if unprotected) (CWE-126).
    ../Research/covid-sim/src/CovidSim.cpp:2297: [1] (buffer) strlen: Does not handle strings that are not \0-terminated; if given one it may perform an over-read (it could cause a crash if unprotected) (CWE-126).
    ../Research/covid-sim/src/CovidSim.cpp:5282: [1] (buffer) strlen: Does not handle strings that are not \0-terminated; if given one it may perform an over-read (it could cause a crash if unprotected) (CWE-126).
    ../Research/covid-sim/src/CovidSim.cpp:5287: [1] (buffer) strlen: Does not handle strings that are not \0-terminated; if given one it may perform an over-read (it could cause a crash if unprotected) (CWE-126).
    ../Research/covid-sim/src/CovidSim.cpp:5291: [1] (buffer) strcat: Does not check for buffer overflows when concatenating to destination [MS-banned] (CWE-120). Consider using strcat_s, strncat, strlcat, or snprintf (warning: strncat is easily misused). Risk is low because the source is a constant character.
    ../Research/covid-sim/src/CovidSim.cpp:5293: [1] (buffer) strlen: Does not handle strings that are not \0-terminated; if given one it may perform an over-read (it could cause a crash if unprotected) (CWE-126).
    ../Research/covid-sim/src/CovidSim.cpp:5294: [1] (buffer) strlen: Does not handle strings that are not \0-terminated; if given one it may perform an over-read (it could cause a crash if unprotected) (CWE-126). 
